// Jest Snapshot v1, https://goo.gl/fbAQLP

exports[`dataset/download/DownloadTool renders successfully 1`] = `
<ContextConsumer>
  <Component />
</ContextConsumer>
`;
