// Jest Snapshot v1, https://goo.gl/fbAQLP

exports[`Publish dataset route renders with common props 1`] = `
<Redirect
  to={
    Object {
      "pathname": "/datasets/ds00001/metadata",
      "state": Object {
        "submitPath": "/datasets/ds00001/publish",
      },
    }
  }
/>
`;
