// Jest Snapshot v1, https://goo.gl/fbAQLP

exports[`DatasetReadme component renders with common props 1`] = `
<Fragment>
  <Media
    at="small"
    className=""
  >
    <div
      className="cte-display"
    >
      <div
        className="fade-in"
      >
        <Collapsible
          icon="down-chevron"
          isOpen={false}
          title={
            Array [
              "SHOW MORE",
              "SHOW LESS",
            ]
          }
        >
          <Te>
            markdown goes here
          </Te>
        </Collapsible>
      </div>
    </div>
  </Media>
  <Media
    className=""
    greaterThanOrEqual="medium"
  >
    <div
      className="cte-display"
    >
      <div
        className="fade-in"
      >
        <Te>
          markdown goes here
        </Te>
      </div>
    </div>
  </Media>
</Fragment>
`;
