// Jest Snapshot v1, https://goo.gl/fbAQLP

exports[`EditReadme component renders with default props 1`] = `<EditReadme />`;
